VSTest version 18.0.1 (x64)

Starting test discovery, please wait...
[xUnit.net 00:00:00.00] xUnit.net VSTest Adapter v2.5.3.1+6b60a9e56a (64-bit .NET Framework 4.8.9323.0)
[xUnit.net 00:00:00.00] xUnit.net VSTest Adapter v2.5.3.1+6b60a9e56a (64-bit .NET Framework 4.8.9323.0)
[xUnit.net 00:00:01.39]   Discovering: DwsimWorker.Tests
[xUnit.net 00:00:01.39]   Discovering: DwsimWorker.Tests
[xUnit.net 00:00:01.63]   Discovered:  DwsimWorker.Tests
[xUnit.net 00:00:01.63]   Discovered:  DwsimWorker.Tests
A total of 1 test files matched the specified pattern.
D:\S\C#\dwsim_interop_services\mcp_service\dwsim_worker\DwsimWorker.Tests\bin\Debug\DwsimWorker.Tests.dll
[xUnit.net 00:00:01.33]   Starting:    DwsimWorker.Tests
[17:02:15 INF] FlowsheetContext created: Three-Phase Separator Calculation Test
[17:02:15 INF] Initializing FlowsheetContext: Three-Phase Separator Calculation Test
[17:02:15 INF] Loading DWSIM assemblies...
[17:02:15 INF] Starting DWSIM assembly loading process...
[17:02:15 INF] Configuration: ValidateAfterLoad=False, LoadTimeout=00:00:30
[17:02:15 INF] Using configured assembly path: D:\S\C#\dwsim\DWSIM\bin\Debug
[17:02:15 INF] Assembly resolver registered with paths: D:\S\C#\dwsim\DWSIM\bin\Debug
[17:02:15 INF] Loading assembly: DWSIM.Interfaces...
[17:02:15 DBG] Loading assembly from path: D:\S\C#\dwsim\DWSIM\bin\Debug\DWSIM.Interfaces.dll
[17:02:15 DBG] Assembly loaded: DWSIM.Interfaces v9.0.5.0 from D:\S\C#\dwsim\DWSIM\bin\Debug\DWSIM.Interfaces.dll
[17:02:15 INF] Successfully loaded DWSIM.Interfaces v9.0.5.0
[17:02:15 INF] Loading assembly: DWSIM.Thermodynamics...
[17:02:15 DBG] Loading assembly from path: D:\S\C#\dwsim\DWSIM\bin\Debug\DWSIM.Thermodynamics.dll
[17:02:15 DBG] Assembly loaded: DWSIM.Thermodynamics v9.0.5.0 from D:\S\C#\dwsim\DWSIM\bin\Debug\DWSIM.Thermodynamics.dll
[17:02:15 INF] Successfully loaded DWSIM.Thermodynamics v9.0.5.0
[17:02:15 INF] Loading assembly: DWSIM.SharedClasses...
[17:02:15 DBG] Loading assembly from path: D:\S\C#\dwsim\DWSIM\bin\Debug\DWSIM.SharedClasses.dll
[17:02:15 DBG] Assembly loaded: DWSIM.SharedClasses v9.0.5.0 from D:\S\C#\dwsim\DWSIM\bin\Debug\DWSIM.SharedClasses.dll
[17:02:15 INF] Successfully loaded DWSIM.SharedClasses v9.0.5.0
[17:02:15 INF] Loading assembly: DWSIM.GlobalSettings...
[17:02:15 DBG] Loading assembly from path: D:\S\C#\dwsim\DWSIM\bin\Debug\DWSIM.GlobalSettings.dll
[17:02:15 DBG] Assembly loaded: DWSIM.GlobalSettings v9.0.5.0 from D:\S\C#\dwsim\DWSIM\bin\Debug\DWSIM.GlobalSettings.dll
[17:02:15 INF] Successfully loaded DWSIM.GlobalSettings v9.0.5.0
[17:02:15 INF] Loading assembly: DWSIM.FlowsheetBase...
[17:02:15 DBG] Loading assembly from path: D:\S\C#\dwsim\DWSIM\bin\Debug\DWSIM.FlowsheetBase.dll
[17:02:15 DBG] Assembly loaded: DWSIM.FlowsheetBase v9.0.5.0 from D:\S\C#\dwsim\DWSIM\bin\Debug\DWSIM.FlowsheetBase.dll
[17:02:15 INF] Successfully loaded DWSIM.FlowsheetBase v9.0.5.0
[17:02:15 INF] Loading assembly: DWSIM.UnitOperations...
[17:02:15 DBG] Loading assembly from path: D:\S\C#\dwsim\DWSIM\bin\Debug\DWSIM.UnitOperations.dll
[17:02:15 DBG] Assembly loaded: DWSIM.UnitOperations v9.0.5.0 from D:\S\C#\dwsim\DWSIM\bin\Debug\DWSIM.UnitOperations.dll
[17:02:15 INF] Successfully loaded DWSIM.UnitOperations v9.0.5.0
[17:02:15 INF] Loading assembly: DWSIM.Drawing.SkiaSharp...
[17:02:15 DBG] Loading assembly from path: D:\S\C#\dwsim\DWSIM\bin\Debug\DWSIM.Drawing.SkiaSharp.dll
[17:02:15 DBG] Assembly loaded: DWSIM.Drawing.SkiaSharp v9.0.5.0 from D:\S\C#\dwsim\DWSIM\bin\Debug\DWSIM.Drawing.SkiaSharp.dll
[17:02:15 INF] Successfully loaded DWSIM.Drawing.SkiaSharp v9.0.5.0
[17:02:15 INF] Loading assembly: DWSIM.UI.Desktop.Shared...
[17:02:15 DBG] Loading assembly from path: D:\S\C#\dwsim\DWSIM\bin\Debug\DWSIM.UI.Desktop.Shared.dll
[17:02:15 DBG] Assembly loaded: DWSIM.UI.Desktop.Shared v9.0.5.0 from D:\S\C#\dwsim\DWSIM\bin\Debug\DWSIM.UI.Desktop.Shared.dll
[17:02:15 INF] Successfully loaded DWSIM.UI.Desktop.Shared v9.0.5.0
[17:02:15 INF] Loading assembly: DWSIM...
[17:02:15 DBG] Loading assembly from path: D:\S\C#\dwsim\DWSIM\bin\Debug\DWSIM.exe
[17:02:15 DBG] Assembly loaded: DWSIM v9.0.5.0 from D:\S\C#\dwsim\DWSIM\bin\Debug\DWSIM.exe
[17:02:15 INF] Successfully loaded DWSIM v9.0.5.0
[17:02:15 INF] Loading assembly: CapeOpen...
[17:02:15 DBG] Loading assembly from path: D:\S\C#\dwsim\DWSIM\bin\Debug\CapeOpen.dll
[17:02:15 DBG] Assembly loaded: CapeOpen v1.0.0.0 from D:\S\C#\dwsim\DWSIM\bin\Debug\CapeOpen.dll
[17:02:15 INF] Successfully loaded CapeOpen v1.0.0.0
[17:02:15 INF] All assemblies loaded successfully. Total count: 10
[17:02:15 INF] Validation skipped (ValidateAfterLoad=false)
[17:02:15 INF] DWSIM assemblies loaded successfully: 10 assemblies
[17:02:15 INF] Creating DWSIM Flowsheet instance...
[17:02:15 DBG] Total loaded assemblies: 32
[17:02:15 DBG] DWSIM assemblies found: 11
[17:02:15 DBG]   - DwsimWorker.Tests, Version=0.1.0.0, Culture=neutral, PublicKeyToken=null
[17:02:15 DBG]   - DwsimWorker, Version=0.1.0.0, Culture=neutral, PublicKeyToken=null
[17:02:15 DBG]   - DWSIM.Interfaces, Version=9.0.5.0, Culture=neutral, PublicKeyToken=null
[17:02:15 DBG]   - DWSIM.Thermodynamics, Version=9.0.5.0, Culture=neutral, PublicKeyToken=null
[17:02:15 DBG]   - DWSIM.SharedClasses, Version=9.0.5.0, Culture=neutral, PublicKeyToken=null
[17:02:15 DBG]   - DWSIM.GlobalSettings, Version=9.0.5.0, Culture=neutral, PublicKeyToken=null
[17:02:15 DBG]   - DWSIM.FlowsheetBase, Version=9.0.5.0, Culture=neutral, PublicKeyToken=null
[17:02:15 DBG]   - DWSIM.UnitOperations, Version=9.0.5.0, Culture=neutral, PublicKeyToken=null
[17:02:15 DBG]   - DWSIM.Drawing.SkiaSharp, Version=9.0.5.0, Culture=neutral, PublicKeyToken=null
[17:02:15 DBG]   - DWSIM.UI.Desktop.Shared, Version=9.0.5.0, Culture=neutral, PublicKeyToken=null
[17:02:15 DBG]   - DWSIM, Version=9.0.5.0, Culture=neutral, PublicKeyToken=null
[17:02:15 DBG] Trying type name: DWSIM.UI.Desktop.Shared.Flowsheet
[17:02:15 DBG] Found type 'DWSIM.UI.Desktop.Shared.Flowsheet' in assembly: DWSIM.UI.Desktop.Shared, Version=9.0.5.0, Culture=neutral, PublicKeyToken=null
[17:02:15 INF] Successfully located Flowsheet type: DWSIM.UI.Desktop.Shared.Flowsheet
[17:02:15 DBG] Resolving assembly Eto from D:\S\C#\dwsim\DWSIM\bin\Debug\Eto.dll
[17:02:15 DBG] Resolving assembly Eto from D:\S\C#\dwsim\DWSIM\bin\Debug\Eto.dll
[17:02:15 DBG] Initializing minimal Eto.Forms application for headless mode
[17:02:15 DBG] Found 0 Initialize methods on Eto.Forms.Application
[17:02:15 DBG] Flowsheet instance created successfully
[17:02:15 INF] Flowsheet instance created successfully
[17:02:15 INF] Initializing DWSIM compound database...
[17:02:15 DBG] Found 9 compound-related methods on flowsheet
[17:02:15 DBG]   - AddCompound(String compname)
[17:02:15 DBG]   - get_AvailableCompounds()
[17:02:15 DBG]   - set_AvailableCompounds(Dictionary`2 AutoPropertyValue)
[17:02:15 DBG]   - get_FileDatabaseProvider()
[17:02:15 DBG]   - set_FileDatabaseProvider(IFileDatabaseProvider AutoPropertyValue)
[17:02:15 DBG]   - GetCompound(String name)
[17:02:15 DBG]   - AddCompoundsToMaterialStream(IMaterialStream ms)
[17:02:15 DBG]   - get_SelectedCompounds()
[17:02:15 DBG]   - set_SelectedCompounds(Dictionary`2 value)
[17:02:15 DBG] AvailableCompounds type: System.Collections.Generic.Dictionary`2[[System.String, mscorlib, Version=4.0.0.0, Culture=neutral, PublicKeyToken=b77a5c561934e089],[DWSIM.Interfaces.ICompoundConstantProperties, DWSIM.Interfaces, Version=9.0.5.0, Culture=neutral, PublicKeyToken=null]]
[17:02:15 DBG] AvailableCompounds count: 0
[17:02:15 WRN] AvailableCompounds dictionary is empty - need to populate it
[17:02:15 INF] Loading compounds from DWSIM databases (following DWSIM.Automation pattern)
[17:02:15 DBG] Loading compounds from ChemSep
[17:02:15 DBG] ChemSep.Load() completed
[17:02:15 DBG] ChemSep.Transfer() requires 1 parameters: String CompName (optional)
[17:02:15 DBG] ChemSep.Transfer() returned ConstantProperties[]
[17:02:15 INF] Loaded 556 compounds from ChemSep
[17:02:15 DBG] Loading compounds from CoolProp
[17:02:15 DBG] CoolProp.Load() completed
[17:02:15 DBG] CoolProp.Transfer() returned ConstantProperties[]
[17:02:15 INF] Loaded 90 compounds from CoolProp
[17:02:15 DBG] Loading compounds from Biodiesel
[17:02:15 DBG] Biodiesel.Load() completed
[17:02:15 DBG] Biodiesel.Transfer() requires 1 parameters: String CompName (optional)
[17:02:15 DBG] Biodiesel.Transfer() returned ConstantProperties[]
[17:02:15 INF] Loaded 13 compounds from Biodiesel
[17:02:15 DBG] Loading compounds from ChEDL_Thermo
[17:02:15 DBG] ChEDL_Thermo.Load() completed
[17:02:16 DBG] ChEDL_Thermo.Transfer() returned List`1
[17:02:16 INF] Loaded 1010 compounds from ChEDL_Thermo
[17:02:16 DBG] Loading compounds from Electrolyte
[17:02:16 DBG] Electrolyte.Load() completed
[17:02:16 DBG] Electrolyte.Transfer() requires 1 parameters: String CompName (optional)
[17:02:16 DBG] Electrolyte.Transfer() returned ConstantProperties[]
[17:02:16 INF] Loaded 83 compounds from Electrolyte
[17:02:16 INF] Compound database populated with 1752 compounds from DWSIM databases
[17:02:16 DBG] Sample of loaded compounds: Air, Argon, Bromine, Carbon tetrachloride, Carbon monoxide, Carbon dioxide, Carbon disulfide, Phosgene, Trichloroacetyl chloride, Hydrogen chloride
[17:02:16 DBG] Found common compounds: Water, Methane, Ethane, Propane, Nitrogen, Oxygen
[17:02:16 WRN] Could not find compound database initialization method - compounds may need to be loaded manually
[17:02:16 INF] Compound database initialized successfully
[17:02:16 INF] Initializing DWSIM property package database...
[17:02:16 DBG] AvailablePropertyPackages dictionary found with 0 entries
[17:02:16 INF] Populating property package database
[17:02:16 DBG] Adding property package: Peng-Robinson (DWSIM.Thermodynamics.PropertyPackages.PengRobinsonPropertyPackage)
[17:02:16 INF] Added property package: Peng-Robinson
[17:02:16 DBG] Adding property package: SRK (DWSIM.Thermodynamics.PropertyPackages.SRKPropertyPackage)
[17:02:16 INF] Added property package: SRK
[17:02:16 DBG] Adding property package: NRTL (DWSIM.Thermodynamics.PropertyPackages.NRTLPropertyPackage)
[17:02:16 INF] Added property package: NRTL
[17:02:16 DBG] Adding property package: UNIFAC (DWSIM.Thermodynamics.PropertyPackages.UNIFACPropertyPackage)
[17:02:16 INF] Added property package: UNIFAC
[17:02:16 INF] Property package database populated with 4 property packages
[17:02:16 INF] Property package database initialized successfully
[17:02:16 INF] FlowsheetContext initialization complete: Three-Phase Separator Calculation Test
[17:02:16 DBG] Attempting to add compound: Methane
[17:02:16 DBG] Compound name validated: Methane
[17:02:16 DBG] Calculation cache invalidated: compound added
[17:02:16 DBG] Compound added to flowsheet: Methane
[17:02:16 INF] Compound added successfully: Methane
[17:02:16 DBG] Attempting to add compound: Water
[17:02:16 DBG] Compound name validated: Water
[17:02:16 DBG] Calculation cache invalidated: compound added
[17:02:16 DBG] Compound added to flowsheet: Water
[17:02:16 INF] Compound added successfully: Water
[17:02:16 DBG] Attempting to add compound: n-Decane
[17:02:16 DBG] Compound name validated: n-Decane
[17:02:16 DBG] Calculation cache invalidated: compound added
[17:02:16 DBG] Compound added to flowsheet: n-Decane
[17:02:16 INF] Compound added successfully: n-Decane
[17:02:16 INF] Compounds added: Methane, Water, n-Decane
[17:02:16 DBG] Attempting to set property package: Peng-Robinson
[17:02:16 DBG] Calculation cache invalidated: property package set
[17:02:16 INF] Property package set: Peng-Robinson
[17:02:16 INF] Property package: Peng-Robinson
[17:02:16 INF] Set BIP Methane-n-Decane = 0.0489
[17:02:16 INF] Set BIP Water-Methane = 0.5
[17:02:16 INF] Set BIP Water-n-Decane = 0.5
[17:02:16 INF] Binary Interaction Parameters set
[17:02:16 DBG] Attempting to create stream: FEED
[17:02:16 DBG] Created DWSIM MaterialStream via flowsheet: S1 (Name: FEED)
[17:02:16 DBG] Calculation cache invalidated: stream added
[17:02:16 DBG] Stream added to flowsheet: S1
[17:02:16 WRN] IsSource property is read-only - cannot set to True
[17:02:16 DBG] Stream already has 3 compounds, skipping AddCompoundsToMaterialStream
[17:02:16 DBG] SetPhaseProperty: Successfully set temperature = 300 on PhaseProperties
[17:02:16 DBG] SetPhaseProperty: Successfully set pressure = 101325 on PhaseProperties
[17:02:16 DBG] SetPhaseProperty: Successfully set molarflow = 544 on PhaseProperties
[17:02:16 DBG] ApplyComposition: Phase has 3 compounds in dictionary
[17:02:16 DBG] ApplyComposition: Context has 3 compound names
[17:02:16 DBG] ApplyComposition: Composition has 3 mole fractions
[17:02:16 DBG] ApplyComposition: Setting Methane mole fraction to 0.333
[17:02:16 DBG] SetPhaseProperty: Successfully set MoleFraction = 0.333 on Compound
[17:02:16 DBG] ApplyComposition: Methane MoleFraction after setting: 0.333
[17:02:16 DBG] ApplyComposition: Setting Water mole fraction to 0.333
[17:02:16 DBG] SetPhaseProperty: Successfully set MoleFraction = 0.333 on Compound
[17:02:16 DBG] ApplyComposition: Water MoleFraction after setting: 0.333
[17:02:16 DBG] ApplyComposition: Setting n-Decane mole fraction to 0.334
[17:02:16 DBG] SetPhaseProperty: Successfully set MoleFraction = 0.334 on Compound
[17:02:16 DBG] ApplyComposition: n-Decane MoleFraction after setting: 0.334
[17:02:16 DBG] TrySetInputComposition: Building composition dictionary
[17:02:16 DBG] TrySetInputComposition: Methane = 0.333
[17:02:16 DBG] TrySetInputComposition: Water = 0.333
[17:02:16 DBG] TrySetInputComposition: n-Decane = 0.334
[17:02:16 DBG] TrySetInputComposition: Successfully set InputComposition dictionary with 3 compounds
[17:02:16 DBG] TrySetInputComposition: InputComposition dictionary has 3 entries after setting
[17:02:16 DBG] Set SpecType=Temperature_and_Pressure based on isSource=True
[17:02:16 INF] Stream created successfully: S1 (Name: FEED)
[17:02:16 DBG] Stream properties: Temperature=300 K, Pressure=101325 Pa, Flow=544 mol/s
[17:02:16 INF] Feed stream created: S1
[17:02:16 INF] Flashing inlet stream...
[17:02:16 DBG] Flashing stream S1
[17:02:16 DBG] Found 2 Calculate method overloads
[17:02:16 DBG] Calling Calculate() with 1 default parameters
[17:02:16 ERR] Flash calculation failed for stream 'S1': Index was outside the bounds of the array.
System.IndexOutOfRangeException: Index was outside the bounds of the array.
   at DWSIM.Thermodynamics.PropertyPackages.Auxiliary.FlashAlgorithms.NestedLoops.Flash_PT(Double[] Vz, Double P, Double T, PropertyPackage PP, Boolean ReuseKI, Double[] PrevKi) in D:\S\C#\dwsim\DWSIM.Thermodynamics\FlashAlgorithms\NestedLoops.vb:line 181
   at DWSIM.Thermodynamics.PropertyPackages.Auxiliary.FlashAlgorithms.UniversalFlash.Flash_PT(Double[] Vz, Double P, Double T, PropertyPackage PP, Boolean ReuseKI, Double[] PrevKi) in D:\S\C#\dwsim\DWSIM.Thermodynamics\FlashAlgorithms\UniversalFlash.vb:line 207
   at DWSIM.Thermodynamics.PropertyPackages.PropertyPackage.DW_CalcEquilibrium(FlashSpec spec1, FlashSpec spec2) in D:\S\C#\dwsim\DWSIM.Thermodynamics\PropertyPackages\PropertyPackage.vb:line 2658
   at DWSIM.Thermodynamics.Streams.MaterialStream.Calculate(Boolean equilibrium, Boolean properties) in D:\S\C#\dwsim\DWSIM.Thermodynamics\MaterialStream\MaterialStream.vb:line 691
   at DWSIM.Thermodynamics.Streams.MaterialStream.Calculate(Object args) in D:\S\C#\dwsim\DWSIM.Thermodynamics\MaterialStream\MaterialStream.vb:line 528
[17:02:16 INF] Disposing FlowsheetContext: Three-Phase Separator Calculation Test
[17:02:16 INF] FlowsheetContext disposed successfully
[xUnit.net 00:00:03.43]       System.InvalidOperationException : Failed to flash inlet stream: Flash calculation failed for stream 'S1': Index was outside the bounds of the array.
[xUnit.net 00:00:03.43]       Stack Trace:
[xUnit.net 00:00:03.43]         DwsimWorker.Tests\Integration\ThreePhaseSeparatorCalculationTests.cs(107,0): at DwsimWorker.Tests.Integration.ThreePhaseSeparatorCalculationTests.SetupThreePhaseSeparatorFlowsheet()
[xUnit.net 00:00:03.43]         DwsimWorker.Tests\Integration\ThreePhaseSeparatorCalculationTests.cs(254,0): at DwsimWorker.Tests.Integration.ThreePhaseSeparatorCalculationTests.GoldenTest_ThreePhaseSeparatorCalculation_Succeeds()
[xUnit.net 00:00:03.44]   Finished:    DwsimWorker.Tests
  Failed DwsimWorker.Tests.Integration.ThreePhaseSeparatorCalculationTests.GoldenTest_ThreePhaseSeparatorCalculation_Succeeds [2 s]
  Error Message:
   System.InvalidOperationException : Failed to flash inlet stream: Flash calculation failed for stream 'S1': Index was outside the bounds of the array.
  Stack Trace:
     at DwsimWorker.Tests.Integration.ThreePhaseSeparatorCalculationTests.SetupThreePhaseSeparatorFlowsheet() in D:\S\C#\dwsim_interop_services\mcp_service\dwsim_worker\DwsimWorker.Tests\Integration\ThreePhaseSeparatorCalculationTests.cs:line 107
   at DwsimWorker.Tests.Integration.ThreePhaseSeparatorCalculationTests.GoldenTest_ThreePhaseSeparatorCalculation_Succeeds() in D:\S\C#\dwsim_interop_services\mcp_service\dwsim_worker\DwsimWorker.Tests\Integration\ThreePhaseSeparatorCalculationTests.cs:line 254

Total tests: 1
     Failed: 1
 Total time: 3.5289 Seconds
